<?xml version="1.0" encoding="utf-8"?><testsuites><testsuite errors="0" failures="0" hostname="test-desktop" name="pytest" skipped="0" tests="100" time="0.561" timestamp="2021-09-16T07:12:42.800079"><testcase classname="generate-results" file="generate-results.py" line="12" name="test_case[0]" time="0.001"></testcase><testcase classname="generate-results" file="generate-results.py" line="12" name="test_case[1]" time="0.001"></testcase><testcase classname="generate-results" file="generate-results.py" line="12" name="test_case[2]" time="0.002"></testcase><testcase classname="generate-results" file="generate-results.py" line="12" name="test_case[3]" time="0.002"></testcase><testcase classname="generate-results" file="generate-results.py" line="12" name="test_case[4]" time="0.004"></testcase><testcase classname="generate-results" file="generate-results.py" line="12" name="test_case[5]" time="0.001"></testcase><testcase classname="generate-results" file="generate-results.py" line="12" name="test_case[6]" time="0.001"></testcase><testcase classname="generate-results" file="generate-results.py" line="12" name="test_case[7]" time="0.003"></testcase><testcase classname="generate-results" file="generate-results.py" line="12" name="test_case[8]" time="0.001"></testcase><testcase classname="generate-results" file="generate-results.py" line="12" name="test_case[9]" time="0.001"></testcase><testcase classname="generate-results" file="generate-results.py" line="12" name="test_case[10]" time="0.001"></testcase><testcase classname="generate-results" file="generate-results.py" line="12" name="test_case[11]" time="0.001"></testcase><testcase classname="generate-results" file="generate-results.py" line="12" name="test_case[12]" time="0.001"></testcase><testcase classname="generate-results" file="generate-results.py" line="12" name="test_case[13]" time="0.015"></testcase><testcase classname="generate-results" file="generate-results.py" line="12" name="test_case[14]" time="0.005"></testcase><testcase classname="generate-results" file="generate-results.py" line="12" name="test_case[15]" time="0.003"></testcase><testcase classname="generate-results" file="generate-results.py" line="12" name="test_case[16]" time="0.005"></testcase><testcase classname="generate-results" file="generate-results.py" line="12" name="test_case[17]" time="0.007"></testcase><testcase classname="generate-results" file="generate-results.py" line="12" name="test_case[18]" time="0.001"></testcase><testcase classname="generate-results" file="generate-results.py" line="12" name="test_case[19]" time="0.001"></testcase><testcase classname="generate-results" file="generate-results.py" line="12" name="test_case[20]" time="0.001"></testcase><testcase classname="generate-results" file="generate-results.py" line="12" name="test_case[21]" time="0.001"></testcase><testcase classname="generate-results" file="generate-results.py" line="12" name="test_case[22]" time="0.001"></testcase><testcase classname="generate-results" file="generate-results.py" line="12" name="test_case[23]" time="0.001"></testcase><testcase classname="generate-results" file="generate-results.py" line="12" name="test_case[24]" time="0.006"></testcase><testcase classname="generate-results" file="generate-results.py" line="12" name="test_case[25]" time="0.001"></testcase><testcase classname="generate-results" file="generate-results.py" line="12" name="test_case[26]" time="0.001"></testcase><testcase classname="generate-results" file="generate-results.py" line="12" name="test_case[27]" time="0.002"></testcase><testcase classname="generate-results" file="generate-results.py" line="12" name="test_case[28]" time="0.001"></testcase><testcase classname="generate-results" file="generate-results.py" line="12" name="test_case[29]" time="0.001"></testcase><testcase classname="generate-results" file="generate-results.py" line="12" name="test_case[30]" time="0.001"></testcase><testcase classname="generate-results" file="generate-results.py" line="12" name="test_case[31]" time="0.001"></testcase><testcase classname="generate-results" file="generate-results.py" line="12" name="test_case[32]" time="0.001"></testcase><testcase classname="generate-results" file="generate-results.py" line="12" name="test_case[33]" time="0.001"></testcase><testcase classname="generate-results" file="generate-results.py" line="12" name="test_case[34]" time="0.001"></testcase><testcase classname="generate-results" file="generate-results.py" line="12" name="test_case[35]" time="0.001"></testcase><testcase classname="generate-results" file="generate-results.py" line="12" name="test_case[36]" time="0.001"></testcase><testcase classname="generate-results" file="generate-results.py" line="12" name="test_case[37]" time="0.001"></testcase><testcase classname="generate-results" file="generate-results.py" line="12" name="test_case[38]" time="0.001"></testcase><testcase classname="generate-results" file="generate-results.py" line="12" name="test_case[39]" time="0.001"></testcase><testcase classname="generate-results" file="generate-results.py" line="12" name="test_case[40]" time="0.001"></testcase><testcase classname="generate-results" file="generate-results.py" line="12" name="test_case[41]" time="0.001"></testcase><testcase classname="generate-results" file="generate-results.py" line="12" name="test_case[42]" time="0.001"></testcase><testcase classname="generate-results" file="generate-results.py" line="12" name="test_case[43]" time="0.001"></testcase><testcase classname="generate-results" file="generate-results.py" line="12" name="test_case[44]" time="0.002"></testcase><testcase classname="generate-results" file="generate-results.py" line="12" name="test_case[45]" time="0.001"></testcase><testcase classname="generate-results" file="generate-results.py" line="12" name="test_case[46]" time="0.001"></testcase><testcase classname="generate-results" file="generate-results.py" line="12" name="test_case[47]" time="0.001"></testcase><testcase classname="generate-results" file="generate-results.py" line="12" name="test_case[48]" time="0.001"></testcase><testcase classname="generate-results" file="generate-results.py" line="12" name="test_case[49]" time="0.001"></testcase><testcase classname="generate-results" file="generate-results.py" line="12" name="test_case[50]" time="0.001"></testcase><testcase classname="generate-results" file="generate-results.py" line="12" name="test_case[51]" time="0.002"></testcase><testcase classname="generate-results" file="generate-results.py" line="12" name="test_case[52]" time="0.001"></testcase><testcase classname="generate-results" file="generate-results.py" line="12" name="test_case[53]" time="0.003"></testcase><testcase classname="generate-results" file="generate-results.py" line="12" name="test_case[54]" time="0.004"></testcase><testcase classname="generate-results" file="generate-results.py" line="12" name="test_case[55]" time="0.001"></testcase><testcase classname="generate-results" file="generate-results.py" line="12" name="test_case[56]" time="0.001"></testcase><testcase classname="generate-results" file="generate-results.py" line="12" name="test_case[57]" time="0.002"></testcase><testcase classname="generate-results" file="generate-results.py" line="12" name="test_case[58]" time="0.001"></testcase><testcase classname="generate-results" file="generate-results.py" line="12" name="test_case[59]" time="0.001"></testcase><testcase classname="generate-results" file="generate-results.py" line="12" name="test_case[60]" time="0.001"></testcase><testcase classname="generate-results" file="generate-results.py" line="12" name="test_case[61]" time="0.001"></testcase><testcase classname="generate-results" file="generate-results.py" line="12" name="test_case[62]" time="0.001"></testcase><testcase classname="generate-results" file="generate-results.py" line="12" name="test_case[63]" time="0.001"></testcase><testcase classname="generate-results" file="generate-results.py" line="12" name="test_case[64]" time="0.001"></testcase><testcase classname="generate-results" file="generate-results.py" line="12" name="test_case[65]" time="0.001"></testcase><testcase classname="generate-results" file="generate-results.py" line="12" name="test_case[66]" time="0.001"></testcase><testcase classname="generate-results" file="generate-results.py" line="12" name="test_case[67]" time="0.001"></testcase><testcase classname="generate-results" file="generate-results.py" line="12" name="test_case[68]" time="0.001"></testcase><testcase classname="generate-results" file="generate-results.py" line="12" name="test_case[69]" time="0.001"></testcase><testcase classname="generate-results" file="generate-results.py" line="12" name="test_case[70]" time="0.001"></testcase><testcase classname="generate-results" file="generate-results.py" line="12" name="test_case[71]" time="0.001"></testcase><testcase classname="generate-results" file="generate-results.py" line="12" name="test_case[72]" time="0.001"></testcase><testcase classname="generate-results" file="generate-results.py" line="12" name="test_case[73]" time="0.001"></testcase><testcase classname="generate-results" file="generate-results.py" line="12" name="test_case[74]" time="0.001"></testcase><testcase classname="generate-results" file="generate-results.py" line="12" name="test_case[75]" time="0.001"></testcase><testcase classname="generate-results" file="generate-results.py" line="12" name="test_case[76]" time="0.001"></testcase><testcase classname="generate-results" file="generate-results.py" line="12" name="test_case[77]" time="0.001"></testcase><testcase classname="generate-results" file="generate-results.py" line="12" name="test_case[78]" time="0.001"></testcase><testcase classname="generate-results" file="generate-results.py" line="12" name="test_case[79]" time="0.001"></testcase><testcase classname="generate-results" file="generate-results.py" line="12" name="test_case[80]" time="0.001"></testcase><testcase classname="generate-results" file="generate-results.py" line="12" name="test_case[81]" time="0.001"></testcase><testcase classname="generate-results" file="generate-results.py" line="12" name="test_case[82]" time="0.001"></testcase><testcase classname="generate-results" file="generate-results.py" line="12" name="test_case[83]" time="0.001"></testcase><testcase classname="generate-results" file="generate-results.py" line="12" name="test_case[84]" time="0.001"></testcase><testcase classname="generate-results" file="generate-results.py" line="12" name="test_case[85]" time="0.003"></testcase><testcase classname="generate-results" file="generate-results.py" line="12" name="test_case[86]" time="0.001"></testcase><testcase classname="generate-results" file="generate-results.py" line="12" name="test_case[87]" time="0.001"></testcase><testcase classname="generate-results" file="generate-results.py" line="12" name="test_case[88]" time="0.001"></testcase><testcase classname="generate-results" file="generate-results.py" line="12" name="test_case[89]" time="0.001"></testcase><testcase classname="generate-results" file="generate-results.py" line="12" name="test_case[90]" time="0.001"></testcase><testcase classname="generate-results" file="generate-results.py" line="12" name="test_case[91]" time="0.001"></testcase><testcase classname="generate-results" file="generate-results.py" line="12" name="test_case[92]" time="0.002"></testcase><testcase classname="generate-results" file="generate-results.py" line="12" name="test_case[93]" time="0.001"></testcase><testcase classname="generate-results" file="generate-results.py" line="12" name="test_case[94]" time="0.001"></testcase><testcase classname="generate-results" file="generate-results.py" line="12" name="test_case[95]" time="0.001"></testcase><testcase classname="generate-results" file="generate-results.py" line="12" name="test_case[96]" time="0.001"></testcase><testcase classname="generate-results" file="generate-results.py" line="12" name="test_case[97]" time="0.001"></testcase><testcase classname="generate-results" file="generate-results.py" line="12" name="test_case[98]" time="0.001"></testcase><testcase classname="generate-results" file="generate-results.py" line="12" name="test_case[99]" time="0.001"></testcase></testsuite></testsuites>